// Jest Snapshot v1, https://goo.gl/fbAQLP

exports[`Tests renders without test attribute when enabled 1`] = `"with(this){return (toggle)?_c('div',[_c('p',[_v(\\"\\\\r\\\\n    The Paragraph\\\\r\\\\n  \\")]),_v(\\" \\"),_c('span',[_v(\\"\\\\r\\\\n    The Span\\\\r\\\\n  \\")]),_v(\\" \\"),_c('div',[_v(\\"\\\\r\\\\n    The div\\\\r\\\\n  \\")]),_v(\\" \\"),_c('div',[_v(\\"\\\\r\\\\n    The div bound\\\\r\\\\n  \\")]),_v(\\" \\"),_c('div',[_v(\\"\\\\r\\\\n    The div bound shorthand\\\\r\\\\n  \\")])]):_e()}"`;
